 example

 Timestamp is 507c2430 (Mon Oct 15 23:56:48 2012)

 Preferred load address is 00400000

 Start         Length     Name                   Class
 0001:00000000 00004c64H .text                   CODE
 0002:00000000 000000b4H .idata$5                DATA
 0002:000000b8 0000040cH .rdata                  DATA
 0002:000004c4 00000014H .idata$2                DATA
 0002:000004d8 00000014H .idata$3                DATA
 0002:000004ec 000000b4H .idata$4                DATA
 0002:000005a0 00000312H .idata$6                DATA
 0002:000008b2 00000000H .edata                  DATA
 0003:00000000 00000004H .CRT$XCA                DATA
 0003:00000004 00000004H .CRT$XCZ                DATA
 0003:00000008 00000004H .CRT$XIA                DATA
 0003:0000000c 00000008H .CRT$XIC                DATA
 0003:00000014 00000004H .CRT$XIZ                DATA
 0003:00000018 00000004H .CRT$XPA                DATA
 0003:0000001c 00000004H .CRT$XPX                DATA
 0003:00000020 00000004H .CRT$XPZ                DATA
 0003:00000024 00000004H .CRT$XTA                DATA
 0003:00000028 00000004H .CRT$XTZ                DATA
 0003:00000030 00002958H .data                   DATA
 0003:00002988 00001540H .bss                    DATA

  Address         Publics by Value              Rva+Base     Lib:Object

 0001:00000000       ?StringCopy@@YAXXZ         00401000 f   exam.obj
 0001:00000064       ?StringCat@@YAXXZ          00401064 f   exam.obj
 0001:000000f8       ?StringCmp@@YAXXZ          004010f8 f   exam.obj
 0001:00000140       ?IfFunction@@YAXH@Z        00401140 f   exam.obj
 0001:0000017c       ?loop@@YAHH@Z              0040117c f   exam.obj
 0001:000001d6       _main                      004011d6 f   exam.obj
 0001:00000203       _printf                    00401203 f   LIBC:printf.obj
 0001:00000240       _strcpy                    00401240 f   LIBC:strcat.obj
 0001:00000250       _strcat                    00401250 f   LIBC:strcat.obj
 0001:00000340       _strchr                    00401340 f   LIBC:strchr.obj
 0001:00000346       ___from_strstr_to_strchr   00401346 f   LIBC:strchr.obj
 0001:00000400       _strrchr                   00401400 f   LIBC:strrchr.obj
 0001:00000430       _strcmp                    00401430 f   LIBC:strcmp.obj
 0001:000004b4       _mainCRTStartup            004014b4 f   LIBC:crt0.obj
 0001:00000593       __amsg_exit                00401593 f   LIBC:crt0.obj
 0001:000005dc       __stbuf                    004015dc f   LIBC:_sftbuf.obj
 0001:00000669       __ftbuf                    00401669 f   LIBC:_sftbuf.obj
 0001:000006a6       __output                   004016a6 f   LIBC:output.obj
 0001:00000f0d       ___initstdio               00401f0d f   LIBC:_file.obj
 0001:00000fb2       ___endstdio                00401fb2 f   LIBC:_file.obj
 0001:00000fc6       __cinit                    00401fc6 f   LIBC:crt0dat.obj
 0001:00000ff3       _exit                      00401ff3 f   LIBC:crt0dat.obj
 0001:00001004       __exit                     00402004 f   LIBC:crt0dat.obj
 0001:000010c8       __XcptFilter               004020c8 f   LIBC:winxfltr.obj
 0001:0000124c       __setenvp                  0040224c f   LIBC:stdenvp.obj
 0001:00001305       __setargv                  00402305 f   LIBC:stdargv.obj
 0001:00001552       ___crtGetEnvironmentStringsA 00402552 f   LIBC:a_env.obj
 0001:00001684       __ioinit                   00402684 f   LIBC:ioinit.obj
 0001:0000182f       __GetLinkerVersion         0040282f f   LIBC:heapinit.obj
 0001:0000185c       ___heap_select             0040285c f   LIBC:heapinit.obj
 0001:000019a4       __heap_init                004029a4 f   LIBC:heapinit.obj
 0001:00001a04       __global_unwind2           00402a04 f   LIBC:exsup.obj
 0001:00001a46       __local_unwind2            00402a46 f   LIBC:exsup.obj
 0001:00001a9e       __NLG_Return2              00402a9e f   LIBC:exsup.obj
 0001:00001aae       __abnormal_termination     00402aae f   LIBC:exsup.obj
 0001:00001ad1       __NLG_Notify1              00402ad1 f   LIBC:exsup.obj
 0001:00001ada       __NLG_Notify               00402ada f   LIBC:exsup.obj
 0001:00001aed       __NLG_Dispatch             00402aed f   LIBC:exsup.obj
 0001:00001afc       __except_handler3          00402afc f   LIBC:exsup3.obj
 0001:00001bb9       __seh_longjmp_unwind@4     00402bb9 f   LIBC:exsup3.obj
 0001:00001bd4       __FF_MSGBANNER             00402bd4 f   LIBC:crt0msg.obj
 0001:00001c0d       __NMSG_WRITE               00402c0d f   LIBC:crt0msg.obj
 0001:00001d60       _malloc                    00402d60 f   LIBC:malloc.obj
 0001:00001d72       __nh_malloc                00402d72 f   LIBC:malloc.obj
 0001:00001d9e       __heap_alloc               00402d9e f   LIBC:malloc.obj
 0001:00001e12       __isatty                   00402e12 f   LIBC:isatty.obj
 0001:00001e38       _fflush                    00402e38 f   LIBC:fflush.obj
 0001:00001e73       __flush                    00402e73 f   LIBC:fflush.obj
 0001:00001ecf       __flushall                 00402ecf f   LIBC:fflush.obj
 0001:00001f45       _free                      00402f45 f   LIBC:free.obj
 0001:00001fb0       _strlen                    00402fb0 f   LIBC:strlen.obj
 0001:0000202b       _wctomb                    0040302b f   LIBC:wctomb.obj
 0001:000020a0       __aulldiv                  004030a0 f   LIBC:ulldiv.obj
 0001:00002110       __aullrem                  00403110 f   LIBC:ullrem.obj
 0001:00002185       __flsbuf                   00403185 f   LIBC:_flsbuf.obj
 0001:0000229a       _calloc                    0040329a f   LIBC:calloc.obj
 0001:0000234b       __fcloseall                0040334b f   LIBC:closeall.obj
 0001:000023a3       __setmbcp                  004033a3 f   LIBC:mbctype.obj
 0001:00002767       ___initmbctable            00403767 f   LIBC:mbctype.obj
 0001:00002790       _memcpy                    00403790 f   LIBC:memcpy.obj
 0001:00002ac5       _strtol                    00403ac5 f   LIBC:strtol.obj
 0001:00002cf0       _strstr                    00403cf0 f   LIBC:strstr.obj
 0001:00002d70       _strncmp                   00403d70 f   LIBC:strncmp.obj
 0001:00002db0       __chkstk                   00403db0 f   LIBC:chkstk.obj
 0001:00002db0       __alloca_probe             00403db0 f   LIBC:chkstk.obj
 0001:00002ddf       ___sbh_heap_init           00403ddf f   LIBC:sbheap.obj
 0001:00002e27       ___sbh_find_block          00403e27 f   LIBC:sbheap.obj
 0001:00002e52       ___sbh_free_block          00403e52 f   LIBC:sbheap.obj
 0001:0000317b       ___sbh_alloc_block         0040417b f   LIBC:sbheap.obj
 0001:00003484       ___sbh_alloc_new_region    00404484 f   LIBC:sbheap.obj
 0001:00003535       ___sbh_alloc_new_group     00404535 f   LIBC:sbheap.obj
 0001:00003630       ___old_sbh_new_region      00404630 f   LIBC:sbheap.obj
 0001:00003774       ___old_sbh_release_region  00404774 f   LIBC:sbheap.obj
 0001:000037ca       ___old_sbh_decommit_pages  004047ca f   LIBC:sbheap.obj
 0001:0000388c       ___old_sbh_find_block      0040488c f   LIBC:sbheap.obj
 0001:000038e3       ___old_sbh_free_block      004048e3 f   LIBC:sbheap.obj
 0001:00003928       ___old_sbh_alloc_block     00404928 f   LIBC:sbheap.obj
 0001:00003b30       ___old_sbh_alloc_block_from_page 00404b30 f   LIBC:sbheap.obj
 0001:00003c54       ___crtMessageBoxA          00404c54 f   LIBC:crtmbox.obj
 0001:00003ce0       _strncpy                   00404ce0 f   LIBC:strncpy.obj
 0001:00003dde       __callnewh                 00404dde f   LIBC:handler.obj
 0001:00003df9       __commit                   00404df9 f   LIBC:commit.obj
 0001:00003e50       __write                    00404e50 f   LIBC:write.obj
 0001:00003ffd       __fptrap                   00404ffd f   LIBC:crt0fp.obj
 0001:00004006       __lseek                    00405006 f   LIBC:lseek.obj
 0001:000040a0       __getbuf                   004050a0 f   LIBC:_getbuf.obj
 0001:000040f0       _memset                    004050f0 f   LIBC:memset.obj
 0001:00004148       _fclose                    00405148 f   LIBC:fclose.obj
 0001:0000419e       ___crtLCMapStringA         0040519e f   LIBC:a_map.obj
 0001:000043ed       ___crtGetStringTypeA       004053ed f   LIBC:a_str.obj
 0001:00004536       _toupper                   00405536 f   LIBC:toupper.obj
 0001:00004602       __isctype                  00405602 f   LIBC:isctype.obj
 0001:00004680       _memmove                   00405680 f   LIBC:memmove.obj
 0001:000049b5       __free_osfhnd              004059b5 f   LIBC:osfinfo.obj
 0001:00004a2f       __get_osfhandle            00405a2f f   LIBC:osfinfo.obj
 0001:00004a6c       __dosmaperr                00405a6c f   LIBC:dosmap.obj
 0001:00004ad3       __close                    00405ad3 f   LIBC:close.obj
 0001:00004b86       __freebuf                  00405b86 f   LIBC:_freebuf.obj
 0001:00004bc0       _RtlUnwind@16              00405bc0 f   kernel32:KERNEL32.dll
 0001:00004bc6       __strlwr                   00405bc6 f   LIBC:strlwr.obj
 0001:00004bc6       _strlwr                    00405bc6 f   LIBC:strlwr.obj
 0002:00000000       __imp__GetSystemDirectoryA@8 00406000     kernel32:KERNEL32.dll
 0002:00000004       __imp__GetCommandLineA@0   00406004     kernel32:KERNEL32.dll
 0002:00000008       __imp__GetVersion@0        00406008     kernel32:KERNEL32.dll
 0002:0000000c       __imp__ExitProcess@4       0040600c     kernel32:KERNEL32.dll
 0002:00000010       __imp__TerminateProcess@8  00406010     kernel32:KERNEL32.dll
 0002:00000014       __imp__GetCurrentProcess@0 00406014     kernel32:KERNEL32.dll
 0002:00000018       __imp__UnhandledExceptionFilter@4 00406018     kernel32:KERNEL32.dll
 0002:0000001c       __imp__GetModuleFileNameA@12 0040601c     kernel32:KERNEL32.dll
 0002:00000020       __imp__FreeEnvironmentStringsA@4 00406020     kernel32:KERNEL32.dll
 0002:00000024       __imp__FreeEnvironmentStringsW@4 00406024     kernel32:KERNEL32.dll
 0002:00000028       __imp__WideCharToMultiByte@32 00406028     kernel32:KERNEL32.dll
 0002:0000002c       __imp__GetEnvironmentStrings@0 0040602c     kernel32:KERNEL32.dll
 0002:00000030       __imp__GetEnvironmentStringsW@0 00406030     kernel32:KERNEL32.dll
 0002:00000034       __imp__SetHandleCount@4    00406034     kernel32:KERNEL32.dll
 0002:00000038       __imp__GetStdHandle@4      00406038     kernel32:KERNEL32.dll
 0002:0000003c       __imp__GetFileType@4       0040603c     kernel32:KERNEL32.dll
 0002:00000040       __imp__GetStartupInfoA@4   00406040     kernel32:KERNEL32.dll
 0002:00000044       __imp__GetModuleHandleA@4  00406044     kernel32:KERNEL32.dll
 0002:00000048       __imp__GetEnvironmentVariableA@12 00406048     kernel32:KERNEL32.dll
 0002:0000004c       __imp__GetVersionExA@4     0040604c     kernel32:KERNEL32.dll
 0002:00000050       __imp__HeapDestroy@4       00406050     kernel32:KERNEL32.dll
 0002:00000054       __imp__HeapCreate@12       00406054     kernel32:KERNEL32.dll
 0002:00000058       __imp__VirtualFree@12      00406058     kernel32:KERNEL32.dll
 0002:0000005c       __imp__HeapFree@12         0040605c     kernel32:KERNEL32.dll
 0002:00000060       __imp__RtlUnwind@16        00406060     kernel32:KERNEL32.dll
 0002:00000064       __imp__WriteFile@20        00406064     kernel32:KERNEL32.dll
 0002:00000068       __imp__HeapAlloc@12        00406068     kernel32:KERNEL32.dll
 0002:0000006c       __imp__GetCPInfo@8         0040606c     kernel32:KERNEL32.dll
 0002:00000070       __imp__GetACP@0            00406070     kernel32:KERNEL32.dll
 0002:00000074       __imp__GetOEMCP@0          00406074     kernel32:KERNEL32.dll
 0002:00000078       __imp__VirtualAlloc@16     00406078     kernel32:KERNEL32.dll
 0002:0000007c       __imp__HeapReAlloc@16      0040607c     kernel32:KERNEL32.dll
 0002:00000080       __imp__GetProcAddress@8    00406080     kernel32:KERNEL32.dll
 0002:00000084       __imp__LoadLibraryA@4      00406084     kernel32:KERNEL32.dll
 0002:00000088       __imp__GetLastError@0      00406088     kernel32:KERNEL32.dll
 0002:0000008c       __imp__FlushFileBuffers@4  0040608c     kernel32:KERNEL32.dll
 0002:00000090       __imp__SetFilePointer@16   00406090     kernel32:KERNEL32.dll
 0002:00000094       __imp__MultiByteToWideChar@24 00406094     kernel32:KERNEL32.dll
 0002:00000098       __imp__LCMapStringA@24     00406098     kernel32:KERNEL32.dll
 0002:0000009c       __imp__LCMapStringW@24     0040609c     kernel32:KERNEL32.dll
 0002:000000a0       __imp__GetStringTypeA@20   004060a0     kernel32:KERNEL32.dll
 0002:000000a4       __imp__GetStringTypeW@16   004060a4     kernel32:KERNEL32.dll
 0002:000000a8       __imp__SetStdHandle@8      004060a8     kernel32:KERNEL32.dll
 0002:000000ac       __imp__CloseHandle@4       004060ac     kernel32:KERNEL32.dll
 0002:000000b0       \177KERNEL32_NULL_THUNK_DATA 004060b0     kernel32:KERNEL32.dll
 0002:000000c4       ___lookuptable             004060c4     LIBC:output.obj
 0002:00000120       ??_C@_1O@POHA@?$AA?$CI?$AAn?$AAu?$AAl?$AAl?$AA?$CJ?$AA?$AA@ 00406120     LIBC:output.obj
 0002:00000130       ??_C@_06ONKE@?$CInull?$CJ?$AA@ 00406130     LIBC:output.obj
 0002:00000138       ??_C@_0BH@PHHF@__GLOBAL_HEAP_SELECTED?$AA@ 00406138     LIBC:heapinit.obj
 0002:00000150       ??_C@_0BF@BBGL@__MSVCRT_HEAP_SELECT?$AA@ 00406150     LIBC:heapinit.obj
 0002:00000168       ??_C@_0P@GGKG@runtime?5error?5?$AA@ 00406168     LIBC:crt0msg.obj
 0002:00000178       ??_C@_02PIMC@?$AN?6?$AA@   00406178     LIBC:crt0msg.obj
 0002:0000017c       ??_C@_0O@DELO@TLOSS?5error?$AN?6?$AA@ 0040617c     LIBC:crt0msg.obj
 0002:0000018c       ??_C@_0N@OMLL@SING?5error?$AN?6?$AA@ 0040618c     LIBC:crt0msg.obj
 0002:0000019c       ??_C@_0P@OJAK@DOMAIN?5error?$AN?6?$AA@ 0040619c     LIBC:crt0msg.obj
 0002:000001ac       ??_C@_0CF@EANP@R6028?$AN?6?9?5unable?5to?5initialize?5he@ 004061ac     LIBC:crt0msg.obj
 0002:000001d4       ??_C@_0DF@ECGN@R6027?$AN?6?9?5not?5enough?5space?5for?5lo@ 004061d4     LIBC:crt0msg.obj
 0002:0000020c       ??_C@_0DF@FKAC@R6026?$AN?6?9?5not?5enough?5space?5for?5st@ 0040620c     LIBC:crt0msg.obj
 0002:00000244       ??_C@_0CG@DPMN@R6025?$AN?6?9?5pure?5virtual?5function?5c@ 00406244     LIBC:crt0msg.obj
 0002:0000026c       ??_C@_0DF@CKIP@R6024?$AN?6?9?5not?5enough?5space?5for?5_o@ 0040626c     LIBC:crt0msg.obj
 0002:000002a4       ??_C@_0CJ@GGOE@R6019?$AN?6?9?5unable?5to?5open?5console?5@ 004062a4     LIBC:crt0msg.obj
 0002:000002d0       ??_C@_0CB@LBOB@R6018?$AN?6?9?5unexpected?5heap?5error?$AN?6@ 004062d0     LIBC:crt0msg.obj
 0002:000002f4       ??_C@_0CN@FPEG@R6017?$AN?6?9?5unexpected?5multithread?5@ 004062f4     LIBC:crt0msg.obj
 0002:00000324       ??_C@_0CM@OBIC@R6016?$AN?6?9?5not?5enough?5space?5for?5th@ 00406324     LIBC:crt0msg.obj
 0002:00000350       ??_C@_0CB@HPAL@?$AN?6abnormal?5program?5termination?$AN?6@ 00406350     LIBC:crt0msg.obj
 0002:00000374       ??_C@_0CM@JOOB@R6009?$AN?6?9?5not?5enough?5space?5for?5en@ 00406374     LIBC:crt0msg.obj
 0002:000003a0       ??_C@_0CK@OIBL@R6008?$AN?6?9?5not?5enough?5space?5for?5ar@ 004063a0     LIBC:crt0msg.obj
 0002:000003cc       ??_C@_0CF@LKPB@R6002?$AN?6?9?5floating?5point?5not?5load@ 004063cc     LIBC:crt0msg.obj
 0002:000003f4       ??_C@_0CF@JPDF@Microsoft?5Visual?5C?$CL?$CL?5Runtime?5Lib@ 004063f4     LIBC:crt0msg.obj
 0002:0000041c       ??_C@_02JJJH@?6?6?$AA@     0040641c     LIBC:crt0msg.obj
 0002:00000420       ??_C@_0BK@DEOK@Runtime?5Error?$CB?6?6Program?3?5?$AA@ 00406420     LIBC:crt0msg.obj
 0002:0000043c       ??_C@_03NAME@?4?4?4?$AA@   0040643c     LIBC:crt0msg.obj
 0002:00000440       ??_C@_0BH@NNCD@?$DMprogram?5name?5unknown?$DO?$AA@ 00406440     LIBC:crt0msg.obj
 0002:00000458       ??_C@_0BD@NJFP@GetLastActivePopup?$AA@ 00406458     LIBC:crtmbox.obj
 0002:0000046c       ??_C@_0BA@GILI@GetActiveWindow?$AA@ 0040646c     LIBC:crtmbox.obj
 0002:0000047c       ??_C@_0M@PKCK@MessageBoxA?$AA@ 0040647c     LIBC:crtmbox.obj
 0002:00000488       ??_C@_0L@HKL@user32?4dll?$AA@ 00406488     LIBC:crtmbox.obj
 0002:00000494       ??_C@_01A@?$AA?$AA@        00406494     LIBC:a_map.obj
 0002:00000498       ??_C@_13A@?$AA?$AA?$AA?$AA@ 00406498     LIBC:a_map.obj
 0002:000004c4       __IMPORT_DESCRIPTOR_KERNEL32 004064c4     kernel32:KERNEL32.dll
 0002:000004d8       __NULL_IMPORT_DESCRIPTOR   004064d8     kernel32:KERNEL32.dll
 0003:00000000       ___xc_a                    00407000     LIBC:crt0init.obj
 0003:00000004       ___xc_z                    00407004     LIBC:crt0init.obj
 0003:00000008       ___xi_a                    00407008     LIBC:crt0init.obj
 0003:00000014       ___xi_z                    00407014     LIBC:crt0init.obj
 0003:00000018       ___xp_a                    00407018     LIBC:crt0init.obj
 0003:00000020       ___xp_z                    00407020     LIBC:crt0init.obj
 0003:00000024       ___xt_a                    00407024     LIBC:crt0init.obj
 0003:00000028       ___xt_z                    00407028     LIBC:crt0init.obj
 0003:000000e0       __aexit_rtn                004070e0     LIBC:crt0.obj
 0003:000000e4       ___app_type                004070e4     LIBC:crt0.obj
 0003:000000e8       ___nullstring              004070e8     LIBC:output.obj
 0003:000000ec       ___wnullstring             004070ec     LIBC:output.obj
 0003:000000f0       __iob                      004070f0     LIBC:_file.obj
 0003:00000370       __XcptActTab               00407370     LIBC:winxfltr.obj
 0003:000003e8       __First_FPE_Indx           004073e8     LIBC:winxfltr.obj
 0003:000003ec       __Num_FPE                  004073ec     LIBC:winxfltr.obj
 0003:000003f0       __XcptActTabCount          004073f0     LIBC:winxfltr.obj
 0003:000003f4       __fpecode                  004073f4     LIBC:winxfltr.obj
 0003:000003f8       ___badioinfo               004073f8     LIBC:ioinit.obj
 0003:00000400       __amblksiz                 00407400     LIBC:heapinit.obj
 0003:00000404       __NLG_Destination          00407404     LIBC:exsup.obj
 0003:000004b0       __cfltcvt_tab              004074b0     LIBC:cmiscdat.obj
 0003:000004c8       __pctype                   004074c8     LIBC:ctype.obj
 0003:000004cc       __pwctype                  004074cc     LIBC:ctype.obj
 0003:000004d0       __ctype                    004074d0     LIBC:ctype.obj
 0003:000007e0       ___old_small_block_heap    004077e0     LIBC:sbheap.obj
 0003:00002804       ___old_sbh_threshold       00409804     LIBC:sbheap.obj
 0003:00002810       ___mb_cur_max              00409810     LIBC:nlsdata1.obj
 0003:00002814       ___decimal_point           00409814     LIBC:nlsdata1.obj
 0003:00002818       ___decimal_point_length    00409818     LIBC:nlsdata1.obj
 0003:00002988       __aenvptr                  00409988     LIBC:crt0.obj
 0003:0000298c       __wenvptr                  0040998c     LIBC:crt0.obj
 0003:00002990       ___error_mode              00409990     LIBC:crt0.obj
 0003:00002994       __stdbuf                   00409994     LIBC:_sftbuf.obj
 0003:0000299c       __cflush                   0040999c     LIBC:_file.obj
 0003:000029a0       _errno                     004099a0     LIBC:crt0dat.obj
 0003:000029a4       __doserrno                 004099a4     LIBC:crt0dat.obj
 0003:000029a8       __umaskval                 004099a8     LIBC:crt0dat.obj
 0003:000029ac       __osver                    004099ac     LIBC:crt0dat.obj
 0003:000029b0       __winver                   004099b0     LIBC:crt0dat.obj
 0003:000029b4       __winmajor                 004099b4     LIBC:crt0dat.obj
 0003:000029b8       __winminor                 004099b8     LIBC:crt0dat.obj
 0003:000029bc       ___argc                    004099bc     LIBC:crt0dat.obj
 0003:000029c0       ___argv                    004099c0     LIBC:crt0dat.obj
 0003:000029c4       ___wargv                   004099c4     LIBC:crt0dat.obj
 0003:000029c8       __environ                  004099c8     LIBC:crt0dat.obj
 0003:000029cc       ___initenv                 004099cc     LIBC:crt0dat.obj
 0003:000029d0       __wenviron                 004099d0     LIBC:crt0dat.obj
 0003:000029d4       ___winitenv                004099d4     LIBC:crt0dat.obj
 0003:000029d8       __pgmptr                   004099d8     LIBC:crt0dat.obj
 0003:000029dc       __wpgmptr                  004099dc     LIBC:crt0dat.obj
 0003:000029e0       __exitflag                 004099e0     LIBC:crt0dat.obj
 0003:000029e4       __C_Termination_Done       004099e4     LIBC:crt0dat.obj
 0003:000029e8       __C_Exit_Done              004099e8     LIBC:crt0dat.obj
 0003:000029ec       __pxcptinfoptrs            004099ec     LIBC:winxfltr.obj
 0003:00002af8       __adbgmsg                  00409af8     LIBC:crt0msg.obj
 0003:00002b10       __newmode                  00409b10     LIBC:_newmode.obj
 0003:00002b14       ?_pnhHeap@@3P6AHI@ZA       00409b14     LIBC:handler.obj
 0003:00002b18       ___lc_handle               00409b18     LIBC:nlsdata2.obj
 0003:00002b30       ___lc_codepage             00409b30     LIBC:nlsdata2.obj
 0003:00002b34       ___lc_collate_cp           00409b34     LIBC:nlsdata2.obj
 0003:00002b40       ___sbh_sizeHeaderList      00409b40     <common>
 0003:00002b44       ___sbh_indGroupDefer       00409b44     <common>
 0003:00002b48       ___sbh_pHeaderScan         00409b48     <common>
 0003:00002b4c       ___sbh_pHeaderDefer        00409b4c     <common>
 0003:00002b50       ___sbh_cntHeaderList       00409b50     <common>
 0003:00002b54       ___sbh_pHeaderList         00409b54     <common>
 0003:00002b58       ___sbh_threshold           00409b58     <common>
 0003:00002b5c       ___mbcodepage              00409b5c     <common>
 0003:00002b60       ___mbulinfo                00409b60     <common>
 0003:00002b6c       ___ismbcodepage            00409b6c     <common>
 0003:00002b80       __mbcasemap                00409b80     <common>
 0003:00002c80       __mbctype                  00409c80     <common>
 0003:00002d84       ___mblcid                  00409d84     <common>
 0003:00002d88       __crtheap                  00409d88     <common>
 0003:00002d8c       ___active_heap             00409d8c     <common>
 0003:00002da0       ___pioinfo                 00409da0     <common>
 0003:00002ea0       __nhandle                  00409ea0     <common>
 0003:00002ea4       ___env_initialized         00409ea4     <common>
 0003:00002ea8       ___mbctype_initialized     00409ea8     <common>
 0003:00002eac       ___onexitend               00409eac     <common>
 0003:00002eb0       ___onexitbegin             00409eb0     <common>
 0003:00002eb4       __FPinit                   00409eb4     <common>
 0003:00002eb8       ___piob                    00409eb8     <common>
 0003:00002ec0       __bufin                    00409ec0     <common>
 0003:00003ec0       __nstream                  0040aec0     <common>
 0003:00003ec4       __acmdln                   0040aec4     <common>

 entry point at        0001:000004b4

 Static symbols

 0001:000046f0       LeadUp1                    004056f0 f   LIBC:memmove.obj
 0001:0000471c       LeadUp2                    0040571c f   LIBC:memmove.obj
 0001:00004740       LeadUp3                    00405740 f   LIBC:memmove.obj
 0001:000047bf       UnwindUp0                  004057bf f   LIBC:memmove.obj
 0001:000047ac       UnwindUp1                  004057ac f   LIBC:memmove.obj
 0001:000047a4       UnwindUp2                  004057a4 f   LIBC:memmove.obj
 0001:0000479c       UnwindUp3                  0040579c f   LIBC:memmove.obj
 0001:00004794       UnwindUp4                  00405794 f   LIBC:memmove.obj
 0001:0000478c       UnwindUp5                  0040578c f   LIBC:memmove.obj
 0001:00004784       UnwindUp6                  00405784 f   LIBC:memmove.obj
 0001:0000477c       UnwindUp7                  0040577c f   LIBC:memmove.obj
 0001:000047d8       TrailUp0                   004057d8 f   LIBC:memmove.obj
 0001:000047e0       TrailUp1                   004057e0 f   LIBC:memmove.obj
 0001:000047ec       TrailUp2                   004057ec f   LIBC:memmove.obj
 0001:00004800       TrailUp3                   00405800 f   LIBC:memmove.obj
 0001:00004878       LeadDown1                  00405878 f   LIBC:memmove.obj
 0001:00004898       LeadDown2                  00405898 f   LIBC:memmove.obj
 0001:000048c0       LeadDown3                  004058c0 f   LIBC:memmove.obj
 0001:00004914       UnwindDown7                00405914 f   LIBC:memmove.obj
 0001:0000491c       UnwindDown6                0040591c f   LIBC:memmove.obj
 0001:00004924       UnwindDown5                00405924 f   LIBC:memmove.obj
 0001:0000492c       UnwindDown4                0040592c f   LIBC:memmove.obj
 0001:00004934       UnwindDown3                00405934 f   LIBC:memmove.obj
 0001:0000493c       UnwindDown2                0040593c f   LIBC:memmove.obj
 0001:00004944       UnwindDown1                00405944 f   LIBC:memmove.obj
 0001:00004957       UnwindDown0                00405957 f   LIBC:memmove.obj
 0001:00004970       TrailDown0                 00405970 f   LIBC:memmove.obj
 0001:00004978       TrailDown1                 00405978 f   LIBC:memmove.obj
 0001:00004988       TrailDown2                 00405988 f   LIBC:memmove.obj
 0001:0000499c       TrailDown3                 0040599c f   LIBC:memmove.obj
 0001:000043c2       _strncnt                   004053c2 f   LIBC:a_map.obj
 0001:00002adc       _strtoxl                   00403adc f   LIBC:strtol.obj
 0001:00002800       LeadUp1                    00403800 f   LIBC:memcpy.obj
 0001:0000282c       LeadUp2                    0040382c f   LIBC:memcpy.obj
 0001:00002850       LeadUp3                    00403850 f   LIBC:memcpy.obj
 0001:000028cf       UnwindUp0                  004038cf f   LIBC:memcpy.obj
 0001:000028bc       UnwindUp1                  004038bc f   LIBC:memcpy.obj
 0001:000028b4       UnwindUp2                  004038b4 f   LIBC:memcpy.obj
 0001:000028ac       UnwindUp3                  004038ac f   LIBC:memcpy.obj
 0001:000028a4       UnwindUp4                  004038a4 f   LIBC:memcpy.obj
 0001:0000289c       UnwindUp5                  0040389c f   LIBC:memcpy.obj
 0001:00002894       UnwindUp6                  00403894 f   LIBC:memcpy.obj
 0001:0000288c       UnwindUp7                  0040388c f   LIBC:memcpy.obj
 0001:000028e8       TrailUp0                   004038e8 f   LIBC:memcpy.obj
 0001:000028f0       TrailUp1                   004038f0 f   LIBC:memcpy.obj
 0001:000028fc       TrailUp2                   004038fc f   LIBC:memcpy.obj
 0001:00002910       TrailUp3                   00403910 f   LIBC:memcpy.obj
 0001:00002988       LeadDown1                  00403988 f   LIBC:memcpy.obj
 0001:000029a8       LeadDown2                  004039a8 f   LIBC:memcpy.obj
 0001:000029d0       LeadDown3                  004039d0 f   LIBC:memcpy.obj
 0001:00002a24       UnwindDown7                00403a24 f   LIBC:memcpy.obj
 0001:00002a2c       UnwindDown6                00403a2c f   LIBC:memcpy.obj
 0001:00002a34       UnwindDown5                00403a34 f   LIBC:memcpy.obj
 0001:00002a3c       UnwindDown4                00403a3c f   LIBC:memcpy.obj
 0001:00002a44       UnwindDown3                00403a44 f   LIBC:memcpy.obj
 0001:00002a4c       UnwindDown2                00403a4c f   LIBC:memcpy.obj
 0001:00002a54       UnwindDown1                00403a54 f   LIBC:memcpy.obj
 0001:00002a67       UnwindDown0                00403a67 f   LIBC:memcpy.obj
 0001:00002a80       TrailDown0                 00403a80 f   LIBC:memcpy.obj
 0001:00002a88       TrailDown1                 00403a88 f   LIBC:memcpy.obj
 0001:00002a98       TrailDown2                 00403a98 f   LIBC:memcpy.obj
 0001:00002aac       TrailDown3                 00403aac f   LIBC:memcpy.obj
 0001:0000253c       _getSystemCP               0040353c f   LIBC:mbctype.obj
 0001:00002586       _CPtoLCID                  00403586 f   LIBC:mbctype.obj
 0001:000025b9       _setSBCS                   004035b9 f   LIBC:mbctype.obj
 0001:000025e2       _setSBUpLow                004035e2 f   LIBC:mbctype.obj
 0001:00001ed8       _flsall                    00402ed8 f   LIBC:fflush.obj
 0001:00001a1c       _gu_return                 00402a1c f   LIBC:exsup.obj
 0001:00001a24       __unwind_handler           00402a24 f   LIBC:exsup.obj
 0001:0000139e       _parse_cmdline             0040239e f   LIBC:stdargv.obj
 0001:00001209       _xcptlookup                00402209 f   LIBC:winxfltr.obj
 0001:00001015       _doexit                    00402015 f   LIBC:crt0dat.obj
 0001:000010ae       __initterm                 004020ae f   LIBC:crt0dat.obj
 0001:00000e44       _write_char                00401e44 f   LIBC:output.obj
 0001:00000e79       _write_multi_char          00401e79 f   LIBC:output.obj
 0001:00000eaa       _write_string              00401eaa f   LIBC:output.obj
 0001:00000ee2       _get_int_arg               00401ee2 f   LIBC:output.obj
 0001:00000eef       _get_int64_arg             00401eef f   LIBC:output.obj
 0001:00000eff       _get_short_arg             00401eff f   LIBC:output.obj
 0001:000005b8       _fast_error_exit           004015b8 f   LIBC:crt0.obj
